// Jest Snapshot v1, https://goo.gl/fbAQLP

exports[`Icon should render given an iconName 1`] = `
<Plus
  className="icon size-default tint-neutral"
/>
`;
